2026-05-23 11:50:40 | INFO     | intervention_sorter | Logger initialized. Log file: C:\Users\Nick\Desktop\intervention_sorter\logs\intervention_sorter_20260523_115040.log
2026-05-23 11:50:40 | INFO     | intervention_sorter | GUI initialized: Academic Intervention Sorter v1.1.0
2026-05-23 11:50:52 | INFO     | intervention_sorter | ============================================================
2026-05-23 11:50:52 | INFO     | intervention_sorter | Pipeline starting: 2026-05-23 11:50:52
2026-05-23 11:50:52 | INFO     | intervention_sorter | ============================================================
2026-05-23 11:50:52 | INFO     | intervention_sorter | Pipeline: Validating input files...
2026-05-23 11:50:52 | INFO     | intervention_sorter | Pipeline: Loading progress report...
2026-05-23 11:50:52 | INFO     | intervention_sorter | GradeProcessor: Loading progress report from 'report (36).csv'
2026-05-23 11:50:52 | INFO     | intervention_sorter | GradeProcessor: CSV loaded with encoding 'utf-8-sig'
2026-05-23 11:50:52 | INFO     | intervention_sorter | GradeProcessor: 40985 total rows loaded
2026-05-23 11:50:52 | INFO     | intervention_sorter | GradeProcessor: 3010 at-risk rows after filtering
2026-05-23 11:50:52 | INFO     | intervention_sorter | GradeProcessor: Removing 22 duplicate (Student ID + Course) rows
2026-05-23 11:50:52 | INFO     | intervention_sorter | GradeProcessor: Complete. 2988 clean at-risk rows. 22 duplicates removed.
2026-05-23 11:50:52 | INFO     | intervention_sorter | Pipeline: Aggregating student records...
2026-05-23 11:50:52 | INFO     | intervention_sorter | Aggregator: Starting aggregation of 2988 rows.
2026-05-23 11:50:54 | INFO     | intervention_sorter | Aggregator: Aggregation complete. 2580 distinct students.
2026-05-23 11:50:54 | INFO     | intervention_sorter | Pipeline: 2580 distinct at-risk students.
2026-05-23 11:50:54 | INFO     | intervention_sorter | Pipeline: Merging contact information...
2026-05-23 11:50:54 | INFO     | intervention_sorter | ContactProcessor: Loading contact report from 'REG_prod_Active_Students (10).xlsx'
2026-05-23 11:51:33 | INFO     | intervention_sorter | ContactProcessor: 68965 unique contacts loaded.
2026-05-23 11:51:33 | WARNING  | intervention_sorter | ContactProcessor: 2580 students have no contact info.
2026-05-23 11:51:33 | INFO     | intervention_sorter | ContactProcessor: Merge complete. Matches: 0 | Misses: 2580
2026-05-23 11:51:33 | INFO     | intervention_sorter | Pipeline: Matching students to groups...
2026-05-23 11:51:33 | INFO     | intervention_sorter | GroupMatcher: Loading control file 'control.txt'
2026-05-23 11:51:33 | WARNING  | intervention_sorter | GroupMatcher: Control file parse issue — Line 1: Expected 'TabName|filename.xlsx', got: 'honors.xlsx'
2026-05-23 11:51:33 | INFO     | intervention_sorter | GroupMatcher: 0 groups loaded from control file.
2026-05-23 11:51:33 | INFO     | intervention_sorter | GroupMatcher: Matching 2580 students across 0 groups.
2026-05-23 11:51:33 | INFO     | intervention_sorter | GroupMatcher: Unmatched — Risk_1_2: 2538 | Risk_3_Plus: 42
2026-05-23 11:51:33 | INFO     | intervention_sorter | Pipeline: Assigned: 0 | Unmatched: 2580
2026-05-23 11:51:33 | INFO     | intervention_sorter | Pipeline: Writing output workbook...
2026-05-23 11:51:33 | INFO     | intervention_sorter | Exporter: Building output workbook → 'InterventionSort_20260523_115133.xlsx'
2026-05-23 11:51:33 | INFO     | intervention_sorter | Exporter: Summary tab written.
2026-05-23 11:51:34 | INFO     | intervention_sorter | Exporter: Tab 'Risk_1_2' written — 2538 rows.
2026-05-23 11:51:34 | INFO     | intervention_sorter | Exporter: Tab 'Risk_3_Plus' written — 42 rows.
2026-05-23 11:51:35 | INFO     | intervention_sorter | Exporter: QA_Log tab written — 2603 entries.
2026-05-23 11:51:35 | INFO     | intervention_sorter | Exporter: Processing_Manifest tab written.
2026-05-23 11:51:36 | INFO     | intervention_sorter | Exporter: Workbook saved successfully → 'C:\Users\Nick\Desktop\intervention_sorter\output\InterventionSort_20260523_115133.xlsx'
2026-05-23 11:51:36 | INFO     | intervention_sorter | Pipeline: Processing complete in 41.28s
Input rows: 40,985
At-risk students: 2,580
Assigned to groups: 0
Unmatched: 2,580
QA events: 2603
