2026-05-23 13:16:16 | INFO     | intervention_sorter | Logger initialized. Log file: C:\Users\Nick\Desktop\intervention_sorter\logs\intervention_sorter_05-23-2026_01-16PM.log
2026-05-23 13:16:16 | INFO     | intervention_sorter | GUI initialized: Academic Intervention Sorter v1.1.0
2026-05-23 13:16:27 | INFO     | intervention_sorter | ============================================================
2026-05-23 13:16:27 | INFO     | intervention_sorter | Pipeline starting: 2026-05-23 13:16:27
2026-05-23 13:16:27 | INFO     | intervention_sorter | ============================================================
2026-05-23 13:16:27 | INFO     | intervention_sorter | Pipeline: Validating input files...
2026-05-23 13:16:27 | INFO     | intervention_sorter | Pipeline: Loading progress report...
2026-05-23 13:16:27 | INFO     | intervention_sorter | GradeProcessor: Loading progress report from 'progress_reports_report.csv'
2026-05-23 13:16:27 | INFO     | intervention_sorter | GradeProcessor: CSV loaded with encoding 'utf-8-sig'
2026-05-23 13:16:27 | INFO     | intervention_sorter | GradeProcessor: 41004 total rows loaded
2026-05-23 13:16:27 | INFO     | intervention_sorter | GradeProcessor: 3047 at-risk rows after filtering
2026-05-23 13:16:27 | INFO     | intervention_sorter | GradeProcessor: Removing 23 duplicate (Student ID + Course) rows
2026-05-23 13:16:27 | INFO     | intervention_sorter | GradeProcessor: Complete. 3024 clean at-risk rows. 23 duplicates removed.
2026-05-23 13:16:27 | INFO     | intervention_sorter | Pipeline: Aggregating student records...
2026-05-23 13:16:27 | INFO     | intervention_sorter | Aggregator: Starting aggregation of 3024 rows.
2026-05-23 13:16:29 | INFO     | intervention_sorter | Aggregator: Complete. 2602 distinct students.
2026-05-23 13:16:29 | INFO     | intervention_sorter | Pipeline: 2602 distinct at-risk students.
2026-05-23 13:16:29 | INFO     | intervention_sorter | Pipeline: Merging contact information...
2026-05-23 13:16:29 | INFO     | intervention_sorter | ContactProcessor: Loading contact report from 'REG_prod_Active_Students (10).xlsx'
2026-05-23 13:17:09 | INFO     | intervention_sorter | ContactProcessor: Phone columns found: ['CELLULAR_PHONE', 'LOCAL_PHONE', 'PERMANENT_PHONE']
2026-05-23 13:17:09 | INFO     | intervention_sorter | ContactProcessor: 67041 unique contacts loaded.
2026-05-23 13:17:09 | WARNING  | intervention_sorter | ContactProcessor: 108 students have no contact info.
2026-05-23 13:17:09 | INFO     | intervention_sorter | ContactProcessor: Merge complete. Matches: 2494 | Misses: 108
2026-05-23 13:17:09 | INFO     | intervention_sorter | Pipeline: Matching students to groups...
2026-05-23 13:17:09 | INFO     | intervention_sorter | GroupMatcher: Loading control file 'control.txt'
2026-05-23 13:17:09 | INFO     | intervention_sorter | GroupMatcher: Loaded group 'Honors' — 5132 IDs from 'honors.xlsx'
2026-05-23 13:17:09 | INFO     | intervention_sorter | GroupMatcher: 1 groups loaded from control file.
2026-05-23 13:17:09 | INFO     | intervention_sorter | GroupMatcher: Matching 2602 students across 1 groups.
2026-05-23 13:17:09 | INFO     | intervention_sorter | GroupMatcher: Group 'Honors' — 192 matched, 2410 remaining.
2026-05-23 13:17:09 | INFO     | intervention_sorter | GroupMatcher: Unmatched — Risk_1_2: 2364 | Risk_3_Plus: 46
2026-05-23 13:17:09 | INFO     | intervention_sorter | Pipeline: Assigned: 192 | Unmatched: 2410
2026-05-23 13:17:09 | INFO     | intervention_sorter | Pipeline: Writing output workbook...
2026-05-23 13:17:09 | INFO     | intervention_sorter | Exporter: Building output workbook → 'InterventionSort_05-23-2026_01-17PM.xlsx'
2026-05-23 13:17:09 | INFO     | intervention_sorter | Exporter: Summary tab written.
2026-05-23 13:17:09 | INFO     | intervention_sorter | Exporter: Tab 'Honors' written — 192 rows.
2026-05-23 13:17:11 | INFO     | intervention_sorter | Exporter: Tab 'Risk_1_2' written — 2364 rows.
2026-05-23 13:17:12 | INFO     | intervention_sorter | Exporter: Tab 'Risk_3_Plus' written — 46 rows.
2026-05-23 13:17:12 | INFO     | intervention_sorter | Exporter: QA_Log tab written — 131 entries.
2026-05-23 13:17:12 | INFO     | intervention_sorter | Exporter: Processing_Manifest tab written.
2026-05-23 13:17:12 | INFO     | intervention_sorter | Exporter: Workbook saved successfully → 'C:\Users\Nick\Desktop\intervention_sorter\output\InterventionSort_05-23-2026_01-17PM.xlsx'
2026-05-23 13:17:12 | INFO     | intervention_sorter | Pipeline: Processing complete in 42.33s
Input rows: 41,004
At-risk students: 2,602
Assigned to groups: 192
Unmatched: 2,410
QA events: 131
