2026-05-23 12:40:32 | INFO     | intervention_sorter | Logger initialized. Log file: C:\Users\Nick\Desktop\intervention_sorter\logs\intervention_sorter_20260523_124032.log
2026-05-23 12:40:33 | INFO     | intervention_sorter | GUI initialized: Academic Intervention Sorter v1.1.0
2026-05-23 12:40:45 | INFO     | intervention_sorter | ============================================================
2026-05-23 12:40:45 | INFO     | intervention_sorter | Pipeline starting: 2026-05-23 12:40:45
2026-05-23 12:40:45 | INFO     | intervention_sorter | ============================================================
2026-05-23 12:40:45 | INFO     | intervention_sorter | Pipeline: Validating input files...
2026-05-23 12:40:45 | INFO     | intervention_sorter | Pipeline: Loading progress report...
2026-05-23 12:40:45 | INFO     | intervention_sorter | GradeProcessor: Loading progress report from 'progress_reports_report.csv'
2026-05-23 12:40:46 | INFO     | intervention_sorter | GradeProcessor: CSV loaded with encoding 'utf-8-sig'
2026-05-23 12:40:46 | INFO     | intervention_sorter | GradeProcessor: 41004 total rows loaded
2026-05-23 12:40:46 | ERROR    | intervention_sorter | Pipeline: UNHANDLED EXCEPTION
Traceback (most recent call last):
  File "C:\Users\Nick\desktop\intervention_sorter\processors\pipeline_controller.py", line 118, in run
    at_risk_df, grade_metrics = grade_proc.load(inputs.progress_report)
                                ^^^^^^^^^^^^^^^^^^^^^^^^^^^^^^^^^^^^^^^
  File "C:\Users\Nick\desktop\intervention_sorter\processors\grade_processor.py", line 55, in load
    raise ValueError("\n".join(validation.errors))
ValueError: Progress Report (progress_reports_report.csv) is missing required columns: ['Student id', 'Full Course Name']. Found columns: ['Student Name', 'Email', 'Student ID', 'Alternate ID', 'Creator Name', 'Creator ID', 'Creator Email', 'Alert Reasons', 'Date Submitted', 'Time Submitted', 'Marked At-Risk', 'Course Name', 'Course Number', 'Section Name', 'Section Type', 'Instructors', 'Progress Report Number of Absences', 'Progress Report Grade', 'Progress Report Comment', 'Course Dropped At', 'Midterm Grade', 'Final Grade', 'Canvas Current Course Score', 'Canvas Current Course Grade', 'From Campaign', 'Campaign Name', 'Categories', 'Tags', 'Majors', 'Classification', 'Assigned Staff', 'Cumulative GPA', 'Student Is Active', 'Concentration', 'College', 'Degree']

2026-05-23 12:40:50 | INFO     | intervention_sorter | ============================================================
2026-05-23 12:40:50 | INFO     | intervention_sorter | Pipeline starting: 2026-05-23 12:40:50
2026-05-23 12:40:50 | INFO     | intervention_sorter | ============================================================
2026-05-23 12:40:50 | INFO     | intervention_sorter | Pipeline: Validating input files...
2026-05-23 12:40:50 | INFO     | intervention_sorter | Pipeline: Loading progress report...
2026-05-23 12:40:50 | INFO     | intervention_sorter | GradeProcessor: Loading progress report from 'progress_reports_report.csv'
2026-05-23 12:40:50 | INFO     | intervention_sorter | GradeProcessor: CSV loaded with encoding 'utf-8-sig'
2026-05-23 12:40:50 | INFO     | intervention_sorter | GradeProcessor: 41004 total rows loaded
2026-05-23 12:40:50 | ERROR    | intervention_sorter | Pipeline: UNHANDLED EXCEPTION
Traceback (most recent call last):
  File "C:\Users\Nick\desktop\intervention_sorter\processors\pipeline_controller.py", line 118, in run
    at_risk_df, grade_metrics = grade_proc.load(inputs.progress_report)
                                ^^^^^^^^^^^^^^^^^^^^^^^^^^^^^^^^^^^^^^^
  File "C:\Users\Nick\desktop\intervention_sorter\processors\grade_processor.py", line 55, in load
    raise ValueError("\n".join(validation.errors))
ValueError: Progress Report (progress_reports_report.csv) is missing required columns: ['Student id', 'Full Course Name']. Found columns: ['Student Name', 'Email', 'Student ID', 'Alternate ID', 'Creator Name', 'Creator ID', 'Creator Email', 'Alert Reasons', 'Date Submitted', 'Time Submitted', 'Marked At-Risk', 'Course Name', 'Course Number', 'Section Name', 'Section Type', 'Instructors', 'Progress Report Number of Absences', 'Progress Report Grade', 'Progress Report Comment', 'Course Dropped At', 'Midterm Grade', 'Final Grade', 'Canvas Current Course Score', 'Canvas Current Course Grade', 'From Campaign', 'Campaign Name', 'Categories', 'Tags', 'Majors', 'Classification', 'Assigned Staff', 'Cumulative GPA', 'Student Is Active', 'Concentration', 'College', 'Degree']

2026-05-23 12:42:12 | INFO     | intervention_sorter | ============================================================
2026-05-23 12:42:12 | INFO     | intervention_sorter | Pipeline starting: 2026-05-23 12:42:12
2026-05-23 12:42:12 | INFO     | intervention_sorter | ============================================================
2026-05-23 12:42:12 | INFO     | intervention_sorter | Pipeline: Validating input files...
2026-05-23 12:42:12 | INFO     | intervention_sorter | Pipeline: Loading progress report...
2026-05-23 12:42:12 | INFO     | intervention_sorter | GradeProcessor: Loading progress report from 'progress_reports_report.csv'
2026-05-23 12:42:12 | INFO     | intervention_sorter | GradeProcessor: CSV loaded with encoding 'utf-8-sig'
2026-05-23 12:42:12 | INFO     | intervention_sorter | GradeProcessor: 41004 total rows loaded
2026-05-23 12:42:12 | ERROR    | intervention_sorter | Pipeline: UNHANDLED EXCEPTION
Traceback (most recent call last):
  File "C:\Users\Nick\desktop\intervention_sorter\processors\pipeline_controller.py", line 118, in run
    at_risk_df, grade_metrics = grade_proc.load(inputs.progress_report)
                                ^^^^^^^^^^^^^^^^^^^^^^^^^^^^^^^^^^^^^^^
  File "C:\Users\Nick\desktop\intervention_sorter\processors\grade_processor.py", line 55, in load
    raise ValueError("\n".join(validation.errors))
ValueError: Progress Report (progress_reports_report.csv) is missing required columns: ['Student id', 'Full Course Name']. Found columns: ['Student Name', 'Email', 'Student ID', 'Alternate ID', 'Creator Name', 'Creator ID', 'Creator Email', 'Alert Reasons', 'Date Submitted', 'Time Submitted', 'Marked At-Risk', 'Course Name', 'Course Number', 'Section Name', 'Section Type', 'Instructors', 'Progress Report Number of Absences', 'Progress Report Grade', 'Progress Report Comment', 'Course Dropped At', 'Midterm Grade', 'Final Grade', 'Canvas Current Course Score', 'Canvas Current Course Grade', 'From Campaign', 'Campaign Name', 'Categories', 'Tags', 'Majors', 'Classification', 'Assigned Staff', 'Cumulative GPA', 'Student Is Active', 'Concentration', 'College', 'Degree']

2026-05-23 12:42:38 | INFO     | intervention_sorter | ============================================================
2026-05-23 12:42:38 | INFO     | intervention_sorter | Pipeline starting: 2026-05-23 12:42:38
2026-05-23 12:42:38 | INFO     | intervention_sorter | ============================================================
2026-05-23 12:42:38 | INFO     | intervention_sorter | Pipeline: Validating input files...
2026-05-23 12:42:38 | INFO     | intervention_sorter | Pipeline: Loading progress report...
2026-05-23 12:42:38 | INFO     | intervention_sorter | GradeProcessor: Loading progress report from 'progress_reports_report.csv'
2026-05-23 12:42:38 | INFO     | intervention_sorter | GradeProcessor: CSV loaded with encoding 'utf-8-sig'
2026-05-23 12:42:38 | INFO     | intervention_sorter | GradeProcessor: 41004 total rows loaded
2026-05-23 12:42:38 | ERROR    | intervention_sorter | Pipeline: UNHANDLED EXCEPTION
Traceback (most recent call last):
  File "C:\Users\Nick\desktop\intervention_sorter\processors\pipeline_controller.py", line 118, in run
    at_risk_df, grade_metrics = grade_proc.load(inputs.progress_report)
                                ^^^^^^^^^^^^^^^^^^^^^^^^^^^^^^^^^^^^^^^
  File "C:\Users\Nick\desktop\intervention_sorter\processors\grade_processor.py", line 55, in load
    raise ValueError("\n".join(validation.errors))
ValueError: Progress Report (progress_reports_report.csv) is missing required columns: ['Student id', 'Full Course Name']. Found columns: ['Student Name', 'Email', 'Student ID', 'Alternate ID', 'Creator Name', 'Creator ID', 'Creator Email', 'Alert Reasons', 'Date Submitted', 'Time Submitted', 'Marked At-Risk', 'Course Name', 'Course Number', 'Section Name', 'Section Type', 'Instructors', 'Progress Report Number of Absences', 'Progress Report Grade', 'Progress Report Comment', 'Course Dropped At', 'Midterm Grade', 'Final Grade', 'Canvas Current Course Score', 'Canvas Current Course Grade', 'From Campaign', 'Campaign Name', 'Categories', 'Tags', 'Majors', 'Classification', 'Assigned Staff', 'Cumulative GPA', 'Student Is Active', 'Concentration', 'College', 'Degree']

