2026-05-23 11:48:32 | INFO     | intervention_sorter | Logger initialized. Log file: C:\Users\Nick\Desktop\intervention_sorter\logs\intervention_sorter_20260523_114832.log
2026-05-23 11:48:32 | INFO     | intervention_sorter | GUI initialized: Academic Intervention Sorter v1.1.0
2026-05-23 11:48:44 | INFO     | intervention_sorter | Pipeline: Validation-only mode starting.
2026-05-23 11:48:44 | INFO     | intervention_sorter | Pipeline: Running validation checks...
2026-05-23 11:48:44 | INFO     | intervention_sorter | GradeProcessor: Loading progress report from 'report (36).csv'
2026-05-23 11:48:45 | INFO     | intervention_sorter | GradeProcessor: CSV loaded with encoding 'utf-8-sig'
2026-05-23 11:48:45 | INFO     | intervention_sorter | GradeProcessor: 40985 total rows loaded
2026-05-23 11:48:45 | INFO     | intervention_sorter | GradeProcessor: 3010 at-risk rows after filtering
2026-05-23 11:48:45 | INFO     | intervention_sorter | GradeProcessor: Removing 22 duplicate (Student ID + Course) rows
2026-05-23 11:48:45 | INFO     | intervention_sorter | GradeProcessor: Complete. 2988 clean at-risk rows. 22 duplicates removed.
2026-05-23 11:48:45 | INFO     | intervention_sorter | Aggregator: Starting aggregation of 2988 rows.
2026-05-23 11:48:47 | INFO     | intervention_sorter | Aggregator: Aggregation complete. 2580 distinct students.
2026-05-23 11:48:47 | INFO     | intervention_sorter | GroupMatcher: Loading control file 'control.txt'
2026-05-23 11:48:47 | WARNING  | intervention_sorter | GroupMatcher: Control file parse issue — Line 1: Expected 'TabName|filename.xlsx', got: 'honors.xlsx'
2026-05-23 11:48:47 | INFO     | intervention_sorter | GroupMatcher: 0 groups loaded from control file.
2026-05-23 11:48:49 | INFO     | intervention_sorter | ============================================================
2026-05-23 11:48:49 | INFO     | intervention_sorter | Pipeline starting: 2026-05-23 11:48:49
2026-05-23 11:48:49 | INFO     | intervention_sorter | ============================================================
2026-05-23 11:48:49 | INFO     | intervention_sorter | Pipeline: Validating input files...
2026-05-23 11:48:49 | INFO     | intervention_sorter | Pipeline: Loading progress report...
2026-05-23 11:48:49 | INFO     | intervention_sorter | GradeProcessor: Loading progress report from 'report (36).csv'
2026-05-23 11:48:49 | INFO     | intervention_sorter | GradeProcessor: CSV loaded with encoding 'utf-8-sig'
2026-05-23 11:48:49 | INFO     | intervention_sorter | GradeProcessor: 40985 total rows loaded
2026-05-23 11:48:49 | INFO     | intervention_sorter | GradeProcessor: 3010 at-risk rows after filtering
2026-05-23 11:48:49 | INFO     | intervention_sorter | GradeProcessor: Removing 22 duplicate (Student ID + Course) rows
2026-05-23 11:48:49 | INFO     | intervention_sorter | GradeProcessor: Complete. 2988 clean at-risk rows. 22 duplicates removed.
2026-05-23 11:48:49 | INFO     | intervention_sorter | Pipeline: Aggregating student records...
2026-05-23 11:48:49 | INFO     | intervention_sorter | Aggregator: Starting aggregation of 2988 rows.
2026-05-23 11:48:51 | INFO     | intervention_sorter | Aggregator: Aggregation complete. 2580 distinct students.
2026-05-23 11:48:51 | INFO     | intervention_sorter | Pipeline: 2580 distinct at-risk students.
2026-05-23 11:48:51 | INFO     | intervention_sorter | Pipeline: Merging contact information...
2026-05-23 11:48:51 | INFO     | intervention_sorter | ContactProcessor: Loading contact report from 'REG_prod_Active_Students (10).xlsx'
2026-05-23 11:49:30 | ERROR    | intervention_sorter | Pipeline: UNHANDLED EXCEPTION
Traceback (most recent call last):
  File "C:\Users\Nick\desktop\intervention_sorter\processors\pipeline_controller.py", line 139, in run
    contact_proc.load(inputs.contact_report)
  File "C:\Users\Nick\desktop\intervention_sorter\processors\contact_processor.py", line 48, in load
    raise ValueError("\n".join(validation.errors))
ValueError: Contact Report (REG_prod_Active_Students (10).xlsx) is missing required columns: ['znumber']. Found columns: ['SEMESTER', 'REGISTERED_FOR_TERM', 'ZNUMBER', 'LAST_NAME', 'FIRST_NAME', 'FAU_EMAIL_ADDRESS', 'FTIC', 'EARLY_ADMIT', 'HS_DUAL', 'TRANSFER', 'CELLULAR_PHONE', 'LOCAL_PHONE', 'PERMANENT_PHONE', 'CURRENT_ACADEMIC_STANDING', 'ENTRY_TERM', 'LAST_TERM_ATTENDED', 'STUDENT_LEVEL', 'ACADEMIC_CLASS', 'COLLEGE', 'MAJOR', 'CONCENTRATION', 'PROGRAM_CODE', 'CAMPUS_CODE', 'CUMULATIVE_EARNED_CREDITS', 'CUMULATIVE_GPA', 'TRANSFERRED_CREDITS', 'TRANSFER_GPA', 'INSTITUTIONAL_EARNED_CREDITS', 'INSTITUTIONAL_GPA', 'ATTEMPTED_CREDITS_FOR_THE_TERM', 'HS_GPA', 'EARNED_CREDITS_FOR_THE_TERM', 'TERM_GPA', 'MPF1_LATEST_SCORE', 'MPF1_LATEST_SCORE_DATE', 'MPF2_LATEST_SCORE', 'MPF2_LATEST_SCORE_DATE', 'PRHP_ATTRIBUTE', 'PRHP_EFFECTIVE_TERM', 'ESP_ATTRIBUTE', 'ESP_EFFECTIVE_TERM', 'JUMP_OR_JMPV_ATTRIBUTE', 'JUMP_OR_JMPV_EFFECTIVE_TERM', 'HC_ACCEPTED', 'HCAA_EFFECTIVE_TERM', 'USC_ATTRIBUTE', 'USC_EFFECTIVE_TERM', 'PRLW_ATTRIBUTE', 'PRLW_EFFECTIVE_TERM', 'ALEKS_MPPTS_LATEST_SCORE', 'ALEKS_MPPTS_LATEST_SCORE_DATE', 'SAT_TOTAL_SCORE', 'SAT_MATH_SECTION_SCORE', 'SAT_MATH_TEST_SCORE', 'SAT_SCORE_DATE', 'ACT_COMPOSITE', 'ACT_ENGLISH', 'ACT_MATH', 'ACT_SUBSCORE_ALG_GEOMETRY', 'ACT_SUBSCORE_ELEM_ALGEBRA', 'ACT_SUBSCORE_PLANE_GEOM_TRIG', 'ACT_READING', 'ACT_SCORE_DATE']

